
2025-11-14 22:29:57: DROP TABLE IF EXISTS enrollments CASCADE: 200 OK
2025-11-14 22:29:57: DROP TABLE IF EXISTS courses CASCADE: 200 OK
2025-11-14 22:29:57: DROP TABLE IF EXISTS students CASCADE: 200 OK
2025-11-14 22:29:57: Create table students: 200 OK
2025-11-14 22:29:57: Create table courses : 200 OK
2025-11-14 22:29:57: Create table enrollments: 200 OK
2025-11-14 22:29:57: INSERT INTO students: 200 OK
2025-11-14 22:29:57: INSERT INTO courses: 200 OK
2025-11-14 22:29:57: INSERT INTO enrollments: 200 OK
2025-11-14 22:34:30: DROP TABLE IF EXISTS enrollments CASCADE: 200 OK
2025-11-14 22:34:30: DROP TABLE IF EXISTS courses CASCADE: 200 OK
2025-11-14 22:34:30: DROP TABLE IF EXISTS students CASCADE: 200 OK
2025-11-14 22:34:30: CREATE TABLE students: 200 OK
2025-11-14 22:34:30: CREATE TABLE courses : 200 OK
2025-11-14 22:34:30: CREATE TABLE enrollments: 200 OK
2025-11-14 22:34:30: INSERT INTO students: 200 OK
2025-11-14 22:34:30: INSERT INTO courses: 200 OK
2025-11-14 22:34:30: INSERT INTO enrollments: 200 OK
2025-11-14 22:40:23: DELETE FROM students WHERE student_id = 1: 200 OK
2025-11-14 22:41:09: INSERT INTO student: New student has been successfully added
2025-11-14 22:42:05: UPDATE students: 200 OK
2025-11-14 22:43:21: SELECT * FROM students ORDER BY last_name: 200 OK
2025-11-14 22:45:30: SELECT * FROM students WHERE student_id = 7: 200 OK
2025-11-14 22:46:34: SELECT * FROM students WHERE group_name = ПИ-202: 200 OK
2025-11-14 23:00:25: DROP TABLE IF EXISTS enrollments CASCADE: 200 OK
2025-11-14 23:00:25: DROP TABLE IF EXISTS courses CASCADE: 200 OK
2025-11-14 23:00:25: DROP TABLE IF EXISTS students CASCADE: 200 OK
2025-11-14 23:00:25: CREATE TABLE students: 200 OK
2025-11-14 23:00:25: CREATE TABLE courses : 200 OK
2025-11-14 23:00:25: CREATE TABLE enrollments: 200 OK
2025-11-14 23:00:25: INSERT INTO students: 200 OK
2025-11-14 23:00:25: INSERT INTO courses: 200 OK
2025-11-14 23:00:25: INSERT INTO enrollments: 200 OK
2025-11-14 23:01:48: INSERT INTO students: New studentМия Алексеева created
2025-11-14 23:04:49: DROP TABLE IF EXISTS enrollments CASCADE: 200 OK
2025-11-14 23:04:49: DROP TABLE IF EXISTS courses CASCADE: 200 OK
2025-11-14 23:04:49: DROP TABLE IF EXISTS students CASCADE: 200 OK
2025-11-14 23:04:49: CREATE TABLE students: 200 OK
2025-11-14 23:04:49: CREATE TABLE courses : 200 OK
2025-11-14 23:04:49: CREATE TABLE enrollments: 200 OK
2025-11-14 23:04:49: INSERT INTO students: 200 OK
2025-11-14 23:04:49: INSERT INTO courses: 200 OK
2025-11-14 23:04:49: INSERT INTO enrollments: 200 OK
2025-11-14 23:10:45: DROP TABLE IF EXISTS enrollments CASCADE: 200 OK
2025-11-14 23:10:45: DROP TABLE IF EXISTS courses CASCADE: 200 OK
2025-11-14 23:10:45: DROP TABLE IF EXISTS students CASCADE: 200 OK
2025-11-14 23:10:45: CREATE TABLE students: 200 OK
2025-11-14 23:10:45: CREATE TABLE courses : 200 OK
2025-11-14 23:10:45: CREATE TABLE enrollments: 200 OK
2025-11-14 23:10:45: INSERT INTO students: 200 OK
2025-11-14 23:10:45: INSERT INTO courses: 200 OK
2025-11-14 23:10:45: INSERT INTO enrollments: 200 OK
2025-11-14 23:12:17: INSERT INTO students: New student Диана Колесникова created
2025-11-18 16:08:47: DROP TABLE IF EXISTS enrollments CASCADE: 200 OK
2025-11-18 16:08:47: DROP TABLE IF EXISTS courses CASCADE: 200 OK
2025-11-18 16:08:47: DROP TABLE IF EXISTS students CASCADE: 200 OK
2025-11-18 16:08:47: CREATE TABLE students: 200 OK
2025-11-18 16:08:47: CREATE TABLE courses : 200 OK
2025-11-18 16:08:48: CREATE TABLE enrollments: 200 OK
2025-11-18 16:08:48: INSERT INTO students: 200 OK
2025-11-18 16:08:48: INSERT INTO courses: 200 OK
2025-11-18 16:08:48: INSERT INTO enrollments: 200 OK
2025-11-18 23:23:39: DROP TABLE IF EXISTS enrollments CASCADE: 200 OK
2025-11-18 23:23:39: DROP TABLE IF EXISTS courses CASCADE: 200 OK
2025-11-18 23:23:39: DROP TABLE IF EXISTS students CASCADE: 200 OK
2025-11-18 23:23:39: CREATE TABLE students: 200 OK
2025-11-18 23:23:39: CREATE TABLE courses : 200 OK
2025-11-18 23:23:40: CREATE TABLE enrollments: 200 OK
2025-11-18 23:23:40: INSERT INTO students: 200 OK
2025-11-18 23:23:40: INSERT INTO courses: 200 OK
2025-11-18 23:23:40: INSERT INTO enrollments: 200 OK
2025-11-19 00:09:37: DROP TABLE IF EXISTS enrollments CASCADE: 200 OK
2025-11-19 00:09:37: DROP TABLE IF EXISTS courses CASCADE: 200 OK
2025-11-19 00:09:37: DROP TABLE IF EXISTS students CASCADE: 200 OK
2025-11-19 00:09:37: CREATE TABLE students: 200 OK
2025-11-19 00:09:37: CREATE TABLE courses : 200 OK
2025-11-19 00:09:37: CREATE TABLE enrollments: 200 OK
2025-11-19 00:09:37: INSERT INTO students: 200 OK
2025-11-19 00:09:37: INSERT INTO courses: 200 OK
2025-11-19 00:09:37: INSERT INTO enrollments: 200 OK
2025-11-19 00:20:03: DROP TABLE IF EXISTS enrollments CASCADE: 200 OK
2025-11-19 00:20:03: DROP TABLE IF EXISTS courses CASCADE: 200 OK
2025-11-19 00:20:03: DROP TABLE IF EXISTS students CASCADE: 200 OK
2025-11-19 00:20:03: CREATE TABLE students: 200 OK
2025-11-19 00:20:03: CREATE TABLE courses : 200 OK
2025-11-19 00:20:03: CREATE TABLE enrollments: 200 OK
2025-11-19 00:20:03: INSERT INTO students: 200 OK
2025-11-19 00:20:03: INSERT INTO courses: 200 OK
2025-11-19 00:20:03: INSERT INTO enrollments: 200 OK
2025-11-19 00:23:02: DROP TABLE IF EXISTS enrollments CASCADE: 200 OK
2025-11-19 00:23:02: DROP TABLE IF EXISTS courses CASCADE: 200 OK
2025-11-19 00:23:02: DROP TABLE IF EXISTS students CASCADE: 200 OK
2025-11-19 00:23:02: CREATE TABLE students: 200 OK
2025-11-19 00:23:02: CREATE TABLE courses : 200 OK
2025-11-19 00:23:02: CREATE TABLE enrollments: 200 OK
2025-11-19 00:23:02: INSERT INTO students: 200 OK
2025-11-19 00:23:02: INSERT INTO courses: 200 OK
2025-11-19 00:23:02: INSERT INTO enrollments: 200 OK
2025-11-19 00:41:38: DROP TABLE IF EXISTS enrollments CASCADE: 200 OK
2025-11-19 00:41:38: DROP TABLE IF EXISTS courses CASCADE: 200 OK
2025-11-19 00:41:38: DROP TABLE IF EXISTS students CASCADE: 200 OK
2025-11-19 00:41:38: CREATE TABLE students: 200 OK
2025-11-19 00:41:38: CREATE TABLE courses : 200 OK
2025-11-19 00:41:38: CREATE TABLE enrollments: 200 OK
2025-11-19 00:41:38: INSERT INTO students: 200 OK
2025-11-19 00:41:38: INSERT INTO courses: 200 OK
2025-11-19 00:41:38: INSERT INTO enrollments: 200 OK
2025-11-22 23:05:01: DROP TABLE IF EXISTS enrollments CASCADE: 200 OK
2025-11-22 23:05:01: DROP TABLE IF EXISTS courses CASCADE: 200 OK
2025-11-22 23:05:01: DROP TABLE IF EXISTS students CASCADE: 200 OK
2025-11-22 23:05:01: CREATE TABLE students: 200 OK
2025-11-22 23:05:01: CREATE TABLE courses : 200 OK
2025-11-22 23:05:01: CREATE TABLE enrollments: 200 OK
2025-11-22 23:05:01: INSERT INTO students: 200 OK
2025-11-22 23:05:01: INSERT INTO courses: 200 OK
2025-11-22 23:05:01: INSERT INTO enrollments: 200 OK
2025-11-22 23:22:07: DROP TABLE IF EXISTS enrollments CASCADE: 200 OK
2025-11-22 23:22:07: DROP TABLE IF EXISTS courses CASCADE: 200 OK
2025-11-22 23:22:07: DROP TABLE IF EXISTS students CASCADE: 200 OK
2025-11-22 23:22:07: CREATE TABLE students: 200 OK
2025-11-22 23:22:07: CREATE TABLE courses : 200 OK
2025-11-22 23:22:07: CREATE TABLE enrollments: 200 OK
2025-11-22 23:22:07: INSERT INTO students: 200 OK
2025-11-22 23:22:07: INSERT INTO courses: 200 OK
2025-11-22 23:22:07: INSERT INTO enrollments: 200 OK
2025-11-22 23:31:29: DROP TABLE IF EXISTS enrollments CASCADE: 200 OK
2025-11-22 23:31:29: DROP TABLE IF EXISTS courses CASCADE: 200 OK
2025-11-22 23:31:29: DROP TABLE IF EXISTS students CASCADE: 200 OK
2025-11-22 23:31:29: CREATE TABLE students: 200 OK
2025-11-22 23:31:29: CREATE TABLE courses : 200 OK
2025-11-22 23:31:29: CREATE TABLE enrollments: 200 OK
2025-11-22 23:31:29: INSERT INTO students: 200 OK
2025-11-22 23:31:29: INSERT INTO courses: 200 OK
2025-11-22 23:31:29: INSERT INTO enrollments: 200 OK
2025-11-23 16:46:55: DROP TABLE IF EXISTS enrollments CASCADE: 200 OK
2025-11-23 16:46:55: DROP TABLE IF EXISTS courses CASCADE: 200 OK
2025-11-23 16:46:55: DROP TABLE IF EXISTS students CASCADE: 200 OK
2025-11-23 16:46:55: CREATE TABLE students: 200 OK
2025-11-23 16:46:55: CREATE TABLE courses : 200 OK
2025-11-23 16:46:55: CREATE TABLE enrollments: 200 OK
2025-11-23 16:46:55: INSERT INTO students: 200 OK
2025-11-23 16:46:55: INSERT INTO courses: 200 OK
2025-11-23 16:46:55: INSERT INTO enrollments: 200 OK
2025-11-23 22:42:42: DROP TABLE IF EXISTS enrollments CASCADE: 200 OK
2025-11-23 22:42:42: DROP TABLE IF EXISTS courses CASCADE: 200 OK
2025-11-23 22:42:42: DROP TABLE IF EXISTS students CASCADE: 200 OK
2025-11-23 22:42:42: CREATE TABLE students: 200 OK
2025-11-23 22:42:42: CREATE TABLE courses : 200 OK
2025-11-23 22:42:42: CREATE TABLE enrollments: 200 OK
2025-11-23 22:42:42: INSERT INTO students: 200 OK
2025-11-23 22:42:42: INSERT INTO courses: 200 OK
2025-11-23 22:42:42: INSERT INTO enrollments: 200 OK
2025-11-24 21:53:51: DROP TABLE IF EXISTS enrollments CASCADE: 200 OK
2025-11-24 21:53:51: DROP TABLE IF EXISTS courses CASCADE: 200 OK
2025-11-24 21:53:51: DROP TABLE IF EXISTS students CASCADE: 200 OK
2025-11-24 21:53:52: CREATE TABLE students: 200 OK
2025-11-24 21:53:52: CREATE TABLE courses : 200 OK
2025-11-24 21:53:52: CREATE TABLE enrollments: 200 OK
2025-11-24 21:53:52: INSERT INTO students: 200 OK
2025-11-24 21:53:52: INSERT INTO courses: 200 OK
2025-11-24 21:53:52: INSERT INTO enrollments: 200 OK
2025-11-25 23:03:16: DROP TABLE IF EXISTS enrollments CASCADE: 200 OK
2025-11-25 23:03:16: DROP TABLE IF EXISTS courses CASCADE: 200 OK
2025-11-25 23:03:16: DROP TABLE IF EXISTS students CASCADE: 200 OK
2025-11-25 23:03:16: CREATE TABLE students: 200 OK
2025-11-25 23:03:16: CREATE TABLE courses : 200 OK
2025-11-25 23:03:16: CREATE TABLE enrollments: 200 OK
2025-11-25 23:03:16: INSERT INTO students: 200 OK
2025-11-25 23:03:16: INSERT INTO courses: 200 OK
2025-11-25 23:03:16: INSERT INTO enrollments: 200 OK
2025-11-26 12:42:44: DROP TABLE IF EXISTS enrollments CASCADE: 200 OK
2025-11-26 12:42:44: DROP TABLE IF EXISTS courses CASCADE: 200 OK
2025-11-26 12:42:44: DROP TABLE IF EXISTS students CASCADE: 200 OK
2025-11-26 12:42:44: CREATE TABLE students: 200 OK
2025-11-26 12:42:44: CREATE TABLE courses : 200 OK
2025-11-26 12:42:44: CREATE TABLE enrollments: 200 OK
2025-11-26 12:42:44: INSERT INTO students: 200 OK
2025-11-26 12:42:44: INSERT INTO courses: 200 OK
2025-11-26 12:42:44: INSERT INTO enrollments: 200 OK
2025-11-26 12:51:21: DROP TABLE IF EXISTS enrollments CASCADE: 200 OK
2025-11-26 12:51:21: DROP TABLE IF EXISTS courses CASCADE: 200 OK
2025-11-26 12:51:21: DROP TABLE IF EXISTS students CASCADE: 200 OK
2025-11-26 12:51:21: CREATE TABLE students: 200 OK
2025-11-26 12:51:21: CREATE TABLE courses : 200 OK
2025-11-26 12:51:21: CREATE TABLE enrollments: 200 OK
2025-11-26 12:51:21: INSERT INTO students: 200 OK
2025-11-26 12:51:21: INSERT INTO courses: 200 OK
2025-11-26 12:51:21: INSERT INTO enrollments: 200 OK
2025-11-26 12:54:04: DROP TABLE IF EXISTS enrollments CASCADE: 200 OK
2025-11-26 12:54:04: DROP TABLE IF EXISTS courses CASCADE: 200 OK
2025-11-26 12:54:04: DROP TABLE IF EXISTS students CASCADE: 200 OK
2025-11-26 12:54:04: CREATE TABLE students: 200 OK
2025-11-26 12:54:04: CREATE TABLE courses : 200 OK
2025-11-26 12:54:04: CREATE TABLE enrollments: 200 OK
2025-11-26 12:54:04: INSERT INTO students: 200 OK
2025-11-26 12:54:04: INSERT INTO courses: 200 OK
2025-11-26 12:54:04: INSERT INTO enrollments: 200 OK
2025-11-26 12:59:17: DROP TABLE IF EXISTS enrollments CASCADE: 200 OK
2025-11-26 12:59:17: DROP TABLE IF EXISTS courses CASCADE: 200 OK
2025-11-26 12:59:17: DROP TABLE IF EXISTS students CASCADE: 200 OK
2025-11-26 12:59:17: CREATE TABLE students: 200 OK
2025-11-26 12:59:17: CREATE TABLE courses : 200 OK
2025-11-26 12:59:17: CREATE TABLE enrollments: 200 OK
2025-11-26 12:59:17: INSERT INTO students: 200 OK
2025-11-26 12:59:17: INSERT INTO courses: 200 OK
2025-11-26 12:59:17: INSERT INTO enrollments: 200 OK
2025-11-26 13:15:47: DROP TABLE IF EXISTS enrollments CASCADE: 200 OK
2025-11-26 13:15:47: DROP TABLE IF EXISTS courses CASCADE: 200 OK
2025-11-26 13:15:47: DROP TABLE IF EXISTS students CASCADE: 200 OK
2025-11-26 13:15:47: CREATE TABLE students: 200 OK
2025-11-26 13:15:47: CREATE TABLE courses : 200 OK
2025-11-26 13:15:47: CREATE TABLE enrollments: 200 OK
2025-11-26 13:15:47: INSERT INTO students: 200 OK
2025-11-26 13:15:47: INSERT INTO courses: 200 OK
2025-11-26 13:15:47: INSERT INTO enrollments: 200 OK
2025-11-26 13:46:51: DROP TABLE IF EXISTS enrollments CASCADE: 200 OK
2025-11-26 13:46:51: DROP TABLE IF EXISTS courses CASCADE: 200 OK
2025-11-26 13:46:51: DROP TABLE IF EXISTS students CASCADE: 200 OK
2025-11-26 13:46:51: CREATE TABLE students: 200 OK
2025-11-26 13:46:51: CREATE TABLE courses : 200 OK
2025-11-26 13:46:51: CREATE TABLE enrollments: 200 OK
2025-11-26 13:46:51: INSERT INTO students: 200 OK
2025-11-26 13:46:51: INSERT INTO courses: 200 OK
2025-11-26 13:46:51: INSERT INTO enrollments: 200 OK
2025-11-26 13:46:51: DROP TABLE IF EXISTS users CASCADE: 200 OK
2025-11-26 13:46:51: DROP TABLE IF EXISTS departments CASCADE: 200 OK
2025-11-26 13:46:51: CREATE TABLE departments: 200 OK
2025-11-26 13:46:51: CREATE TABLE users : 200 OK
2025-11-26 13:46:51: INSERT INTO departments: 200 OK
2025-11-26 13:46:51: INSERT INTO users: 200 OK
2025-11-26 13:50:43: DROP TABLE IF EXISTS enrollments CASCADE: 200 OK
2025-11-26 13:50:43: DROP TABLE IF EXISTS courses CASCADE: 200 OK
2025-11-26 13:50:43: DROP TABLE IF EXISTS students CASCADE: 200 OK
2025-11-26 13:50:43: CREATE TABLE students: 200 OK
2025-11-26 13:50:43: CREATE TABLE courses : 200 OK
2025-11-26 13:50:43: CREATE TABLE enrollments: 200 OK
2025-11-26 13:50:43: INSERT INTO students: 200 OK
2025-11-26 13:50:43: INSERT INTO courses: 200 OK
2025-11-26 13:50:43: INSERT INTO enrollments: 200 OK
2025-11-26 15:44:33: DROP TABLE IF EXISTS enrollments CASCADE: 200 OK
2025-11-26 15:44:33: DROP TABLE IF EXISTS courses CASCADE: 200 OK
2025-11-26 15:44:33: DROP TABLE IF EXISTS students CASCADE: 200 OK
2025-11-26 15:44:34: CREATE TABLE students: 200 OK
2025-11-26 15:44:34: CREATE TABLE courses : 200 OK
2025-11-26 15:44:34: CREATE TABLE enrollments: 200 OK
2025-11-26 15:44:34: INSERT INTO students: 200 OK
2025-11-26 15:44:34: INSERT INTO courses: 200 OK
2025-11-26 15:44:34: INSERT INTO enrollments: 200 OK
2025-11-26 15:47:35: DROP TABLE IF EXISTS enrollments CASCADE: 200 OK
2025-11-26 15:47:35: DROP TABLE IF EXISTS courses CASCADE: 200 OK
2025-11-26 15:47:35: DROP TABLE IF EXISTS students CASCADE: 200 OK
2025-11-26 15:47:35: CREATE TABLE students: 200 OK
2025-11-26 15:47:35: CREATE TABLE courses : 200 OK
2025-11-26 15:47:35: CREATE TABLE enrollments: 200 OK
2025-11-26 15:47:35: INSERT INTO students: 200 OK
2025-11-26 15:47:35: INSERT INTO courses: 200 OK
2025-11-26 15:47:35: INSERT INTO enrollments: 200 OK
2025-11-26 15:48:28: DROP TABLE IF EXISTS enrollments CASCADE: 200 OK
2025-11-26 15:48:28: DROP TABLE IF EXISTS courses CASCADE: 200 OK
2025-11-26 15:48:28: DROP TABLE IF EXISTS students CASCADE: 200 OK
2025-11-26 15:48:28: CREATE TABLE students: 200 OK
2025-11-26 15:48:28: CREATE TABLE courses : 200 OK
2025-11-26 15:48:28: CREATE TABLE enrollments: 200 OK
2025-11-26 15:48:28: INSERT INTO students: 200 OK
2025-11-26 15:48:28: INSERT INTO courses: 200 OK
2025-11-26 15:48:28: INSERT INTO enrollments: 200 OK
2025-11-26 15:52:15: DROP TABLE IF EXISTS enrollments CASCADE: 200 OK
2025-11-26 15:52:15: DROP TABLE IF EXISTS courses CASCADE: 200 OK
2025-11-26 15:52:15: DROP TABLE IF EXISTS students CASCADE: 200 OK
2025-11-26 15:52:15: CREATE TABLE students: 200 OK
2025-11-26 15:52:15: CREATE TABLE courses : 200 OK
2025-11-26 15:52:15: CREATE TABLE enrollments: 200 OK
2025-11-26 15:52:15: INSERT INTO students: 200 OK
2025-11-26 15:52:15: INSERT INTO courses: 200 OK
2025-11-26 15:52:15: INSERT INTO enrollments: 200 OK
